// Jest Snapshot v1, https://goo.gl/fbAQLP

exports[`renders correctly a button 1`] = `
<View
  accessibilityState={
    {
      "busy": undefined,
      "checked": undefined,
      "disabled": undefined,
      "expanded": undefined,
      "selected": undefined,
    }
  }
  accessibilityValue={
    {
      "max": undefined,
      "min": undefined,
      "now": undefined,
      "text": undefined,
    }
  }
  accessible={true}
  collapsable={false}
  focusable={true}
  onBlur={[Function]}
  onClick={[Function]}
  onFocus={[Function]}
  onResponderGrant={[Function]}
  onResponderMove={[Function]}
  onResponderRelease={[Function]}
  onResponderTerminate={[Function]}
  onResponderTerminationRequest={[Function]}
  onStartShouldSetResponder={[Function]}
  style={
    [
      {
        "alignItems": "center",
        "backgroundColor": "darkslategray",
        "borderRadius": 20,
        "height": 55,
        "justifyContent": "center",
        "marginBottom": 10,
        "marginLeft": 10,
        "marginRight": 10,
        "marginTop": 10,
        "width": "60%",
      },
    ]
  }
>
  <Text
    style={
      [
        {
          "color": "white",
          "fontSize": 18,
          "fontWeight": "bold",
        },
      ]
    }
  >
    Test
  </Text>
</View>
`;
